# //  ModelSim SE-64 10.6d Feb 24 2018
# //
# //  Copyright 1991-2018 Mentor Graphics Corporation
# //  All Rights Reserved.
# //
# //  ModelSim SE-64 and its associated documentation contain trade
# //  secrets and commercial or financial information that are the property of
# //  Mentor Graphics Corporation and are privileged, confidential,
# //  and exempt from disclosure under the Freedom of Information Act,
# //  5 U.S.C. Section 552. Furthermore, this information
# //  is prohibited from disclosure under the Trade Secrets Act,
# //  18 U.S.C. Section 1905.
# //
# do sim/simulate.tcl
# Model Technology ModelSim SE-64 vlog 10.6d Compiler 2018.02 Feb 24 2018
# Start time: 21:21:58 on May 06,2025
# vlog -reportprogress 300 -sv -cover sbcesft -work work ./src/complex_mult.sv 
# -- Compiling module complex_mult_rounded
# 
# Top level modules:
# 	complex_mult_rounded
# End time: 21:21:58 on May 06,2025, Elapsed time: 0:00:00
# Errors: 0, Warnings: 0
# Model Technology ModelSim SE-64 vlog 10.6d Compiler 2018.02 Feb 24 2018
# Start time: 21:21:58 on May 06,2025
# vlog -reportprogress 300 -sv -cover sbcesft -work work ./test/complex_mult_TB.sv 
# -- Compiling module complex_mult_TB
# 
# Top level modules:
# 	complex_mult_TB
# End time: 21:21:58 on May 06,2025, Elapsed time: 0:00:00
# Errors: 0, Warnings: 0
# vsim -voptargs=""+acc"" -coverage complex_mult_TB 
# Start time: 21:21:59 on May 06,2025
# ** Note: (vsim-3812) Design is being optimized...
# Loading sv_std.std
# Loading work.complex_mult_TB(fast)
# Loading work.complex_mult_rounded(fast)
# ** Warning: (vsim-3839) ./test/complex_mult_TB.sv(36): Variable '/complex_mult_TB/data_i_o', driven via a port connection, is multiply driven. See ./test/complex_mult_TB.sv(12).
#    Time: 0 ns  Iteration: 0  Instance: /complex_mult_TB File: ./test/complex_mult_TB.sv
# ** Warning: (vsim-3839) ./test/complex_mult_TB.sv(35): Variable '/complex_mult_TB/data_q_o', driven via a port connection, is multiply driven. See ./test/complex_mult_TB.sv(12).
#    Time: 0 ns  Iteration: 0  Instance: /complex_mult_TB File: ./test/complex_mult_TB.sv
# ** Error: Test 2 Failed: i=2ffff, q=00000
#    Time: 116 ns  Scope: complex_mult_TB File: ./test/complex_mult_TB.sv Line: 53
# End time: 21:22:20 on May 06,2025, Elapsed time: 0:00:21
# Errors: 1, Warnings: 2
